Copyright 1986-2022 Xilinx, Inc. All Rights Reserved. Copyright 2022-2025 Advanced Micro Devices, Inc. All Rights Reserved.
------------------------------------------------------------------------------------------------------------------------------------------------------------------------------------------------------------------------------------------------------
| Tool Version : Vivado v.2025.1 (win64) Build 6140274 Thu May 22 00:12:29 MDT 2025
| Date         : Wed Oct 22 10:53:49 2025
| Host         : DESKTOP-FCS0GRK running 64-bit major release  (build 9200)
| Command      : report_timing_summary -max_paths 10 -routable_nets -report_unconstrained -file fifo_dual_port_timing_summary_routed.rpt -pb fifo_dual_port_timing_summary_routed.pb -rpx fifo_dual_port_timing_summary_routed.rpx -warn_on_violation
| Design       : fifo_dual_port
| Device       : 7a200t-fbg676
| Speed File   : -2  PRODUCTION 1.23 2018-06-13
| Design State : Routed
------------------------------------------------------------------------------------------------------------------------------------------------------------------------------------------------------------------------------------------------------

Timing Summary Report

------------------------------------------------------------------------------------------------
| Timer Settings
| --------------
------------------------------------------------------------------------------------------------

  Enable Multi Corner Analysis               :  Yes
  Enable Pessimism Removal                   :  Yes
  Pessimism Removal Resolution               :  Nearest Common Node
  Enable Input Delay Default Clock           :  No
  Enable Preset / Clear Arcs                 :  No
  Disable Flight Delays                      :  No
  Ignore I/O Paths                           :  No
  Timing Early Launch at Borrowing Latches   :  No
  Borrow Time for Max Delay Exceptions       :  Yes
  Merge Timing Exceptions                    :  Yes
  Inter-SLR Compensation                     :  Conservative

  Corner  Analyze    Analyze    
  Name    Max Paths  Min Paths  
  ------  ---------  ---------  
  Slow    Yes        Yes        
  Fast    Yes        Yes        


------------------------------------------------------------------------------------------------
| Report Methodology
| ------------------
------------------------------------------------------------------------------------------------

Rule       Severity          Description                  Violations  
---------  ----------------  ---------------------------  ----------  
TIMING-17  Critical Warning  Non-clocked sequential cell  149         

Note: This report is based on the most recent report_methodology run and may not be up-to-date. Run report_methodology on the current design for the latest report.



check_timing report

Table of Contents
-----------------
1. checking no_clock (149)
2. checking constant_clock (0)
3. checking pulse_width_clock (0)
4. checking unconstrained_internal_endpoints (447)
5. checking no_input_delay (11)
6. checking no_output_delay (10)
7. checking multiple_clock (0)
8. checking generated_clocks (0)
9. checking loops (0)
10. checking partial_input_delay (0)
11. checking partial_output_delay (0)
12. checking latch_loops (0)

1. checking no_clock (149)
--------------------------
 There are 149 register/latch pins with no clock driven by root clock pin: clk (HIGH)


2. checking constant_clock (0)
------------------------------
 There are 0 register/latch pins with constant_clock.


3. checking pulse_width_clock (0)
---------------------------------
 There are 0 register/latch pins which need pulse_width check


4. checking unconstrained_internal_endpoints (447)
--------------------------------------------------
 There are 447 pins that are not constrained for maximum delay. (HIGH)

 There are 0 pins that are not constrained for maximum delay due to constant clock.


5. checking no_input_delay (11)
-------------------------------
 There are 11 input ports with no input delay specified. (HIGH)

 There are 0 input ports with no input delay but user has a false path constraint.


6. checking no_output_delay (10)
--------------------------------
 There are 10 ports with no output delay specified. (HIGH)

 There are 0 ports with no output delay but user has a false path constraint

 There are 0 ports with no output delay but with a timing clock defined on it or propagating through it


7. checking multiple_clock (0)
------------------------------
 There are 0 register/latch pins with multiple clocks.


8. checking generated_clocks (0)
--------------------------------
 There are 0 generated clocks that are not connected to a clock source.


9. checking loops (0)
---------------------
 There are 0 combinational loops in the design.


10. checking partial_input_delay (0)
------------------------------------
 There are 0 input ports with partial input delay specified.


11. checking partial_output_delay (0)
-------------------------------------
 There are 0 ports with partial output delay specified.


12. checking latch_loops (0)
----------------------------
 There are 0 combinational latch loops in the design through latch input



------------------------------------------------------------------------------------------------
| Design Timing Summary
| ---------------------
------------------------------------------------------------------------------------------------

    WNS(ns)      TNS(ns)  TNS Failing Endpoints  TNS Total Endpoints      WHS(ns)      THS(ns)  THS Failing Endpoints  THS Total Endpoints     WPWS(ns)     TPWS(ns)  TPWS Failing Endpoints  TPWS Total Endpoints  
    -------      -------  ---------------------  -------------------      -------      -------  ---------------------  -------------------     --------     --------  ----------------------  --------------------  
        inf        0.000                      0                  457          inf        0.000                      0                  457           NA           NA                      NA                    NA  


There are no user specified timing constraints.


------------------------------------------------------------------------------------------------
| Clock Summary
| -------------
------------------------------------------------------------------------------------------------


------------------------------------------------------------------------------------------------
| Intra Clock Table
| -----------------
------------------------------------------------------------------------------------------------

Clock             WNS(ns)      TNS(ns)  TNS Failing Endpoints  TNS Total Endpoints      WHS(ns)      THS(ns)  THS Failing Endpoints  THS Total Endpoints     WPWS(ns)     TPWS(ns)  TPWS Failing Endpoints  TPWS Total Endpoints  
-----             -------      -------  ---------------------  -------------------      -------      -------  ---------------------  -------------------     --------     --------  ----------------------  --------------------  


------------------------------------------------------------------------------------------------
| Inter Clock Table
| -----------------
------------------------------------------------------------------------------------------------

From Clock    To Clock          WNS(ns)      TNS(ns)  TNS Failing Endpoints  TNS Total Endpoints      WHS(ns)      THS(ns)  THS Failing Endpoints  THS Total Endpoints  
----------    --------          -------      -------  ---------------------  -------------------      -------      -------  ---------------------  -------------------  


------------------------------------------------------------------------------------------------
| Other Path Groups Table
| -----------------------
------------------------------------------------------------------------------------------------

Path Group    From Clock    To Clock          WNS(ns)      TNS(ns)  TNS Failing Endpoints  TNS Total Endpoints      WHS(ns)      THS(ns)  THS Failing Endpoints  THS Total Endpoints  
----------    ----------    --------          -------      -------  ---------------------  -------------------      -------      -------  ---------------------  -------------------  


------------------------------------------------------------------------------------------------
| User Ignored Path Table
| -----------------------
------------------------------------------------------------------------------------------------

Path Group    From Clock    To Clock    
----------    ----------    --------    


------------------------------------------------------------------------------------------------
| Unconstrained Path Table
| ------------------------
------------------------------------------------------------------------------------------------

Path Group    From Clock    To Clock    
----------    ----------    --------    
(none)                                    


------------------------------------------------------------------------------------------------
| Timing Details
| --------------
------------------------------------------------------------------------------------------------


--------------------------------------------------------------------------------------
Path Group:  (none)
From Clock:  
  To Clock:  

Max Delay           457 Endpoints
Min Delay           457 Endpoints
--------------------------------------------------------------------------------------


Max Delay Paths
--------------------------------------------------------------------------------------
Slack:                    inf
  Source:                 count_reg[3]/C
                            (rising edge-triggered cell FDRE)
  Destination:            empty
                            (output port)
  Path Group:             (none)
  Path Type:              Max at Slow Process Corner
  Data Path Delay:        5.350ns  (logic 3.043ns (56.889%)  route 2.306ns (43.111%))
  Logic Levels:           3  (FDRE=1 LUT5=1 OBUF=1)

    Location             Delay type                Incr(ns)  Path(ns)    Netlist Resource(s)
  -------------------------------------------------------------------    -------------------
    SLICE_X0Y109         FDRE                         0.000     0.000 r  count_reg[3]/C
    SLICE_X0Y109         FDRE (Prop_fdre_C_Q)         0.379     0.379 f  count_reg[3]/Q
                         net (fo=8, routed)           0.721     1.100    count_reg[3]
    SLICE_X0Y110         LUT5 (Prop_lut5_I0_O)        0.119     1.219 r  empty_OBUF_inst_i_1/O
                         net (fo=1, routed)           1.586     2.804    empty_OBUF
    N24                  OBUF (Prop_obuf_I_O)         2.545     5.350 r  empty_OBUF_inst/O
                         net (fo=0)                   0.000     5.350    empty
    N24                                                               r  empty (OUT)
  -------------------------------------------------------------------    -------------------

Slack:                    inf
  Source:                 count_reg[3]/C
                            (rising edge-triggered cell FDRE)
  Destination:            full
                            (output port)
  Path Group:             (none)
  Path Type:              Max at Slow Process Corner
  Data Path Delay:        5.163ns  (logic 2.859ns (55.371%)  route 2.304ns (44.629%))
  Logic Levels:           3  (FDRE=1 LUT5=1 OBUF=1)

    Location             Delay type                Incr(ns)  Path(ns)    Netlist Resource(s)
  -------------------------------------------------------------------    -------------------
    SLICE_X0Y109         FDRE                         0.000     0.000 r  count_reg[3]/C
    SLICE_X0Y109         FDRE (Prop_fdre_C_Q)         0.379     0.379 f  count_reg[3]/Q
                         net (fo=8, routed)           0.721     1.100    count_reg[3]
    SLICE_X0Y110         LUT5 (Prop_lut5_I0_O)        0.105     1.205 r  full_OBUF_inst_i_1/O
                         net (fo=1, routed)           1.584     2.788    full_OBUF
    N23                  OBUF (Prop_obuf_I_O)         2.375     5.163 r  full_OBUF_inst/O
                         net (fo=0)                   0.000     5.163    full
    N23                                                               r  full (OUT)
  -------------------------------------------------------------------    -------------------

Slack:                    inf
  Source:                 data_out_reg[7]/C
                            (rising edge-triggered cell FDRE)
  Destination:            data_out[7]
                            (output port)
  Path Group:             (none)
  Path Type:              Max at Slow Process Corner
  Data Path Delay:        4.337ns  (logic 2.775ns (63.985%)  route 1.562ns (36.015%))
  Logic Levels:           2  (FDRE=1 OBUF=1)

    Location             Delay type                Incr(ns)  Path(ns)    Netlist Resource(s)
  -------------------------------------------------------------------    -------------------
    SLICE_X2Y110         FDRE                         0.000     0.000 r  data_out_reg[7]/C
    SLICE_X2Y110         FDRE (Prop_fdre_C_Q)         0.433     0.433 r  data_out_reg[7]/Q
                         net (fo=1, routed)           1.562     1.995    data_out_OBUF[7]
    P19                  OBUF (Prop_obuf_I_O)         2.342     4.337 r  data_out_OBUF[7]_inst/O
                         net (fo=0)                   0.000     4.337    data_out[7]
    P19                                                               r  data_out[7] (OUT)
  -------------------------------------------------------------------    -------------------

Slack:                    inf
  Source:                 data_out_reg[5]/C
                            (rising edge-triggered cell FDRE)
  Destination:            data_out[5]
                            (output port)
  Path Group:             (none)
  Path Type:              Max at Slow Process Corner
  Data Path Delay:        4.294ns  (logic 2.752ns (64.090%)  route 1.542ns (35.910%))
  Logic Levels:           2  (FDRE=1 OBUF=1)

    Location             Delay type                Incr(ns)  Path(ns)    Netlist Resource(s)
  -------------------------------------------------------------------    -------------------
    SLICE_X3Y110         FDRE                         0.000     0.000 r  data_out_reg[5]/C
    SLICE_X3Y110         FDRE (Prop_fdre_C_Q)         0.379     0.379 r  data_out_reg[5]/Q
                         net (fo=1, routed)           1.542     1.921    data_out_OBUF[5]
    P23                  OBUF (Prop_obuf_I_O)         2.373     4.294 r  data_out_OBUF[5]_inst/O
                         net (fo=0)                   0.000     4.294    data_out[5]
    P23                                                               r  data_out[5] (OUT)
  -------------------------------------------------------------------    -------------------

Slack:                    inf
  Source:                 data_out_reg[1]/C
                            (rising edge-triggered cell FDRE)
  Destination:            data_out[1]
                            (output port)
  Path Group:             (none)
  Path Type:              Max at Slow Process Corner
  Data Path Delay:        4.287ns  (logic 2.769ns (64.588%)  route 1.518ns (35.412%))
  Logic Levels:           2  (FDRE=1 OBUF=1)

    Location             Delay type                Incr(ns)  Path(ns)    Netlist Resource(s)
  -------------------------------------------------------------------    -------------------
    SLICE_X3Y109         FDRE                         0.000     0.000 r  data_out_reg[1]/C
    SLICE_X3Y109         FDRE (Prop_fdre_C_Q)         0.379     0.379 r  data_out_reg[1]/Q
                         net (fo=1, routed)           1.518     1.897    data_out_OBUF[1]
    R25                  OBUF (Prop_obuf_I_O)         2.390     4.287 r  data_out_OBUF[1]_inst/O
                         net (fo=0)                   0.000     4.287    data_out[1]
    R25                                                               r  data_out[1] (OUT)
  -------------------------------------------------------------------    -------------------

Slack:                    inf
  Source:                 data_out_reg[0]/C
                            (rising edge-triggered cell FDRE)
  Destination:            data_out[0]
                            (output port)
  Path Group:             (none)
  Path Type:              Max at Slow Process Corner
  Data Path Delay:        4.273ns  (logic 2.763ns (64.654%)  route 1.510ns (35.346%))
  Logic Levels:           2  (FDRE=1 OBUF=1)

    Location             Delay type                Incr(ns)  Path(ns)    Netlist Resource(s)
  -------------------------------------------------------------------    -------------------
    SLICE_X5Y113         FDRE                         0.000     0.000 r  data_out_reg[0]/C
    SLICE_X5Y113         FDRE (Prop_fdre_C_Q)         0.379     0.379 r  data_out_reg[0]/Q
                         net (fo=1, routed)           1.510     1.889    data_out_OBUF[0]
    P25                  OBUF (Prop_obuf_I_O)         2.384     4.273 r  data_out_OBUF[0]_inst/O
                         net (fo=0)                   0.000     4.273    data_out[0]
    P25                                                               r  data_out[0] (OUT)
  -------------------------------------------------------------------    -------------------

Slack:                    inf
  Source:                 data_out_reg[6]/C
                            (rising edge-triggered cell FDRE)
  Destination:            data_out[6]
                            (output port)
  Path Group:             (none)
  Path Type:              Max at Slow Process Corner
  Data Path Delay:        4.266ns  (logic 2.721ns (63.768%)  route 1.546ns (36.232%))
  Logic Levels:           2  (FDRE=1 OBUF=1)

    Location             Delay type                Incr(ns)  Path(ns)    Netlist Resource(s)
  -------------------------------------------------------------------    -------------------
    SLICE_X5Y111         FDRE                         0.000     0.000 r  data_out_reg[6]/C
    SLICE_X5Y111         FDRE (Prop_fdre_C_Q)         0.379     0.379 r  data_out_reg[6]/Q
                         net (fo=1, routed)           1.546     1.925    data_out_OBUF[6]
    N19                  OBUF (Prop_obuf_I_O)         2.342     4.266 r  data_out_OBUF[6]_inst/O
                         net (fo=0)                   0.000     4.266    data_out[6]
    N19                                                               r  data_out[6] (OUT)
  -------------------------------------------------------------------    -------------------

Slack:                    inf
  Source:                 data_out_reg[4]/C
                            (rising edge-triggered cell FDRE)
  Destination:            data_out[4]
                            (output port)
  Path Group:             (none)
  Path Type:              Max at Slow Process Corner
  Data Path Delay:        4.200ns  (logic 2.811ns (66.939%)  route 1.388ns (33.061%))
  Logic Levels:           2  (FDRE=1 OBUF=1)

    Location             Delay type                Incr(ns)  Path(ns)    Netlist Resource(s)
  -------------------------------------------------------------------    -------------------
    SLICE_X2Y114         FDRE                         0.000     0.000 r  data_out_reg[4]/C
    SLICE_X2Y114         FDRE (Prop_fdre_C_Q)         0.433     0.433 r  data_out_reg[4]/Q
                         net (fo=1, routed)           1.388     1.821    data_out_OBUF[4]
    P24                  OBUF (Prop_obuf_I_O)         2.378     4.200 r  data_out_OBUF[4]_inst/O
                         net (fo=0)                   0.000     4.200    data_out[4]
    P24                                                               r  data_out[4] (OUT)
  -------------------------------------------------------------------    -------------------

Slack:                    inf
  Source:                 data_out_reg[3]/C
                            (rising edge-triggered cell FDRE)
  Destination:            data_out[3]
                            (output port)
  Path Group:             (none)
  Path Type:              Max at Slow Process Corner
  Data Path Delay:        4.165ns  (logic 2.786ns (66.908%)  route 1.378ns (33.092%))
  Logic Levels:           2  (FDRE=1 OBUF=1)

    Location             Delay type                Incr(ns)  Path(ns)    Netlist Resource(s)
  -------------------------------------------------------------------    -------------------
    SLICE_X2Y113         FDRE                         0.000     0.000 r  data_out_reg[3]/C
    SLICE_X2Y113         FDRE (Prop_fdre_C_Q)         0.433     0.433 r  data_out_reg[3]/Q
                         net (fo=1, routed)           1.378     1.811    data_out_OBUF[3]
    R20                  OBUF (Prop_obuf_I_O)         2.353     4.165 r  data_out_OBUF[3]_inst/O
                         net (fo=0)                   0.000     4.165    data_out[3]
    R20                                                               r  data_out[3] (OUT)
  -------------------------------------------------------------------    -------------------

Slack:                    inf
  Source:                 data_out_reg[2]/C
                            (rising edge-triggered cell FDRE)
  Destination:            data_out[2]
                            (output port)
  Path Group:             (none)
  Path Type:              Max at Slow Process Corner
  Data Path Delay:        4.150ns  (logic 2.736ns (65.941%)  route 1.413ns (34.059%))
  Logic Levels:           2  (FDRE=1 OBUF=1)

    Location             Delay type                Incr(ns)  Path(ns)    Netlist Resource(s)
  -------------------------------------------------------------------    -------------------
    SLICE_X4Y113         FDRE                         0.000     0.000 r  data_out_reg[2]/C
    SLICE_X4Y113         FDRE (Prop_fdre_C_Q)         0.379     0.379 r  data_out_reg[2]/Q
                         net (fo=1, routed)           1.413     1.792    data_out_OBUF[2]
    R21                  OBUF (Prop_obuf_I_O)         2.357     4.150 r  data_out_OBUF[2]_inst/O
                         net (fo=0)                   0.000     4.150    data_out[2]
    R21                                                               r  data_out[2] (OUT)
  -------------------------------------------------------------------    -------------------





Min Delay Paths
--------------------------------------------------------------------------------------
Slack:                    inf
  Source:                 count_reg[2]/C
                            (rising edge-triggered cell FDRE)
  Destination:            count_reg[3]/D
  Path Group:             (none)
  Path Type:              Min at Fast Process Corner
  Data Path Delay:        0.321ns  (logic 0.186ns (58.014%)  route 0.135ns (41.986%))
  Logic Levels:           2  (FDRE=1 LUT6=1)

    Location             Delay type                Incr(ns)  Path(ns)    Netlist Resource(s)
  -------------------------------------------------------------------    -------------------
    SLICE_X0Y110         FDRE                         0.000     0.000 r  count_reg[2]/C
    SLICE_X0Y110         FDRE (Prop_fdre_C_Q)         0.141     0.141 r  count_reg[2]/Q
                         net (fo=8, routed)           0.135     0.276    count_reg[2]
    SLICE_X0Y109         LUT6 (Prop_lut6_I5_O)        0.045     0.321 r  count[3]_i_1/O
                         net (fo=1, routed)           0.000     0.321    count[3]_i_1_n_0
    SLICE_X0Y109         FDRE                                         r  count_reg[3]/D
  -------------------------------------------------------------------    -------------------

Slack:                    inf
  Source:                 count_reg[2]/C
                            (rising edge-triggered cell FDRE)
  Destination:            count_reg[4]/D
  Path Group:             (none)
  Path Type:              Min at Fast Process Corner
  Data Path Delay:        0.321ns  (logic 0.186ns (57.981%)  route 0.135ns (42.019%))
  Logic Levels:           2  (FDRE=1 LUT6=1)

    Location             Delay type                Incr(ns)  Path(ns)    Netlist Resource(s)
  -------------------------------------------------------------------    -------------------
    SLICE_X0Y110         FDRE                         0.000     0.000 r  count_reg[2]/C
    SLICE_X0Y110         FDRE (Prop_fdre_C_Q)         0.141     0.141 r  count_reg[2]/Q
                         net (fo=8, routed)           0.135     0.276    count_reg[2]
    SLICE_X0Y109         LUT6 (Prop_lut6_I3_O)        0.045     0.321 r  count[4]_i_2/O
                         net (fo=1, routed)           0.000     0.321    count[4]_i_2_n_0
    SLICE_X0Y109         FDRE                                         r  count_reg[4]/D
  -------------------------------------------------------------------    -------------------

Slack:                    inf
  Source:                 rd_ptr_reg[0]/C
                            (rising edge-triggered cell FDRE)
  Destination:            rd_ptr_reg[1]/D
  Path Group:             (none)
  Path Type:              Min at Fast Process Corner
  Data Path Delay:        0.350ns  (logic 0.183ns (52.281%)  route 0.167ns (47.719%))
  Logic Levels:           2  (FDRE=1 LUT2=1)

    Location             Delay type                Incr(ns)  Path(ns)    Netlist Resource(s)
  -------------------------------------------------------------------    -------------------
    SLICE_X1Y112         FDRE                         0.000     0.000 r  rd_ptr_reg[0]/C
    SLICE_X1Y112         FDRE (Prop_fdre_C_Q)         0.141     0.141 r  rd_ptr_reg[0]/Q
                         net (fo=36, routed)          0.167     0.308    rd_ptr_reg[0]
    SLICE_X1Y112         LUT2 (Prop_lut2_I0_O)        0.042     0.350 r  rd_ptr[1]_i_1/O
                         net (fo=1, routed)           0.000     0.350    p_0_in__0[1]
    SLICE_X1Y112         FDRE                                         r  rd_ptr_reg[1]/D
  -------------------------------------------------------------------    -------------------

Slack:                    inf
  Source:                 rd_ptr_reg[0]/C
                            (rising edge-triggered cell FDRE)
  Destination:            rd_ptr_reg[0]/D
  Path Group:             (none)
  Path Type:              Min at Fast Process Corner
  Data Path Delay:        0.353ns  (logic 0.186ns (52.687%)  route 0.167ns (47.313%))
  Logic Levels:           2  (FDRE=1 LUT1=1)

    Location             Delay type                Incr(ns)  Path(ns)    Netlist Resource(s)
  -------------------------------------------------------------------    -------------------
    SLICE_X1Y112         FDRE                         0.000     0.000 r  rd_ptr_reg[0]/C
    SLICE_X1Y112         FDRE (Prop_fdre_C_Q)         0.141     0.141 f  rd_ptr_reg[0]/Q
                         net (fo=36, routed)          0.167     0.308    rd_ptr_reg[0]
    SLICE_X1Y112         LUT1 (Prop_lut1_I0_O)        0.045     0.353 r  rd_ptr[0]_i_1/O
                         net (fo=1, routed)           0.000     0.353    p_0_in__0[0]
    SLICE_X1Y112         FDRE                                         r  rd_ptr_reg[0]/D
  -------------------------------------------------------------------    -------------------

Slack:                    inf
  Source:                 mem_reg[3][4]/C
                            (rising edge-triggered cell FDRE)
  Destination:            data_out_reg[4]/D
  Path Group:             (none)
  Path Type:              Min at Fast Process Corner
  Data Path Delay:        0.360ns  (logic 0.281ns (77.959%)  route 0.079ns (22.041%))
  Logic Levels:           4  (FDRE=1 LUT6=1 MUXF7=1 MUXF8=1)

    Location             Delay type                Incr(ns)  Path(ns)    Netlist Resource(s)
  -------------------------------------------------------------------    -------------------
    SLICE_X3Y114         FDRE                         0.000     0.000 r  mem_reg[3][4]/C
    SLICE_X3Y114         FDRE (Prop_fdre_C_Q)         0.141     0.141 r  mem_reg[3][4]/Q
                         net (fo=1, routed)           0.079     0.220    mem_reg[3][4]
    SLICE_X2Y114         LUT6 (Prop_lut6_I0_O)        0.045     0.265 r  data_out[4]_i_4/O
                         net (fo=1, routed)           0.000     0.265    data_out[4]_i_4_n_0
    SLICE_X2Y114         MUXF7 (Prop_muxf7_I0_O)      0.073     0.338 r  data_out_reg[4]_i_2/O
                         net (fo=1, routed)           0.000     0.338    data_out_reg[4]_i_2_n_0
    SLICE_X2Y114         MUXF8 (Prop_muxf8_I0_O)      0.022     0.360 r  data_out_reg[4]_i_1/O
                         net (fo=1, routed)           0.000     0.360    mem[4]
    SLICE_X2Y114         FDRE                                         r  data_out_reg[4]/D
  -------------------------------------------------------------------    -------------------

Slack:                    inf
  Source:                 rd_ptr_reg[2]/C
                            (rising edge-triggered cell FDRE)
  Destination:            rd_ptr_reg[3]/D
  Path Group:             (none)
  Path Type:              Min at Fast Process Corner
  Data Path Delay:        0.362ns  (logic 0.183ns (50.583%)  route 0.179ns (49.417%))
  Logic Levels:           2  (FDRE=1 LUT4=1)

    Location             Delay type                Incr(ns)  Path(ns)    Netlist Resource(s)
  -------------------------------------------------------------------    -------------------
    SLICE_X7Y110         FDRE                         0.000     0.000 r  rd_ptr_reg[2]/C
    SLICE_X7Y110         FDRE (Prop_fdre_C_Q)         0.141     0.141 r  rd_ptr_reg[2]/Q
                         net (fo=18, routed)          0.179     0.320    rd_ptr_reg[2]
    SLICE_X7Y110         LUT4 (Prop_lut4_I2_O)        0.042     0.362 r  rd_ptr[3]_i_1/O
                         net (fo=1, routed)           0.000     0.362    p_0_in__0[3]
    SLICE_X7Y110         FDRE                                         r  rd_ptr_reg[3]/D
  -------------------------------------------------------------------    -------------------

Slack:                    inf
  Source:                 rd_ptr_reg[2]/C
                            (rising edge-triggered cell FDRE)
  Destination:            rd_ptr_reg[2]/D
  Path Group:             (none)
  Path Type:              Min at Fast Process Corner
  Data Path Delay:        0.365ns  (logic 0.186ns (50.989%)  route 0.179ns (49.011%))
  Logic Levels:           2  (FDRE=1 LUT3=1)

    Location             Delay type                Incr(ns)  Path(ns)    Netlist Resource(s)
  -------------------------------------------------------------------    -------------------
    SLICE_X7Y110         FDRE                         0.000     0.000 r  rd_ptr_reg[2]/C
    SLICE_X7Y110         FDRE (Prop_fdre_C_Q)         0.141     0.141 r  rd_ptr_reg[2]/Q
                         net (fo=18, routed)          0.179     0.320    rd_ptr_reg[2]
    SLICE_X7Y110         LUT3 (Prop_lut3_I2_O)        0.045     0.365 r  rd_ptr[2]_i_1/O
                         net (fo=1, routed)           0.000     0.365    p_0_in__0[2]
    SLICE_X7Y110         FDRE                                         r  rd_ptr_reg[2]/D
  -------------------------------------------------------------------    -------------------

Slack:                    inf
  Source:                 mem_reg[10][1]/C
                            (rising edge-triggered cell FDRE)
  Destination:            data_out_reg[1]/D
  Path Group:             (none)
  Path Type:              Min at Fast Process Corner
  Data Path Delay:        0.372ns  (logic 0.290ns (77.863%)  route 0.082ns (22.137%))
  Logic Levels:           4  (FDRE=1 LUT6=1 MUXF7=1 MUXF8=1)

    Location             Delay type                Incr(ns)  Path(ns)    Netlist Resource(s)
  -------------------------------------------------------------------    -------------------
    SLICE_X2Y109         FDRE                         0.000     0.000 r  mem_reg[10][1]/C
    SLICE_X2Y109         FDRE (Prop_fdre_C_Q)         0.164     0.164 r  mem_reg[10][1]/Q
                         net (fo=1, routed)           0.082     0.246    mem_reg[10][1]
    SLICE_X3Y109         LUT6 (Prop_lut6_I1_O)        0.045     0.291 r  data_out[1]_i_6/O
                         net (fo=1, routed)           0.000     0.291    data_out[1]_i_6_n_0
    SLICE_X3Y109         MUXF7 (Prop_muxf7_I0_O)      0.062     0.353 r  data_out_reg[1]_i_3/O
                         net (fo=1, routed)           0.000     0.353    data_out_reg[1]_i_3_n_0
    SLICE_X3Y109         MUXF8 (Prop_muxf8_I1_O)      0.019     0.372 r  data_out_reg[1]_i_1/O
                         net (fo=1, routed)           0.000     0.372    mem[1]
    SLICE_X3Y109         FDRE                                         r  data_out_reg[1]/D
  -------------------------------------------------------------------    -------------------

Slack:                    inf
  Source:                 rd_ptr_reg[2]/C
                            (rising edge-triggered cell FDRE)
  Destination:            data_out_reg[6]/D
  Path Group:             (none)
  Path Type:              Min at Fast Process Corner
  Data Path Delay:        0.374ns  (logic 0.245ns (65.507%)  route 0.129ns (34.493%))
  Logic Levels:           3  (FDRE=1 MUXF7=1 MUXF8=1)

    Location             Delay type                Incr(ns)  Path(ns)    Netlist Resource(s)
  -------------------------------------------------------------------    -------------------
    SLICE_X7Y110         FDRE                         0.000     0.000 r  rd_ptr_reg[2]/C
    SLICE_X7Y110         FDRE (Prop_fdre_C_Q)         0.141     0.141 r  rd_ptr_reg[2]/Q
                         net (fo=18, routed)          0.129     0.270    rd_ptr_reg[2]
    SLICE_X5Y111         MUXF7 (Prop_muxf7_S_O)       0.085     0.355 r  data_out_reg[6]_i_3/O
                         net (fo=1, routed)           0.000     0.355    data_out_reg[6]_i_3_n_0
    SLICE_X5Y111         MUXF8 (Prop_muxf8_I1_O)      0.019     0.374 r  data_out_reg[6]_i_1/O
                         net (fo=1, routed)           0.000     0.374    mem[6]
    SLICE_X5Y111         FDRE                                         r  data_out_reg[6]/D
  -------------------------------------------------------------------    -------------------

Slack:                    inf
  Source:                 mem_reg[13][5]/C
                            (rising edge-triggered cell FDRE)
  Destination:            data_out_reg[5]/D
  Path Group:             (none)
  Path Type:              Min at Fast Process Corner
  Data Path Delay:        0.384ns  (logic 0.270ns (70.394%)  route 0.114ns (29.606%))
  Logic Levels:           4  (FDRE=1 LUT6=1 MUXF7=1 MUXF8=1)

    Location             Delay type                Incr(ns)  Path(ns)    Netlist Resource(s)
  -------------------------------------------------------------------    -------------------
    SLICE_X4Y110         FDRE                         0.000     0.000 r  mem_reg[13][5]/C
    SLICE_X4Y110         FDRE (Prop_fdre_C_Q)         0.141     0.141 r  mem_reg[13][5]/Q
                         net (fo=1, routed)           0.114     0.255    mem_reg[13][5]
    SLICE_X3Y110         LUT6 (Prop_lut6_I3_O)        0.045     0.300 r  data_out[5]_i_7/O
                         net (fo=1, routed)           0.000     0.300    data_out[5]_i_7_n_0
    SLICE_X3Y110         MUXF7 (Prop_muxf7_I1_O)      0.065     0.365 r  data_out_reg[5]_i_3/O
                         net (fo=1, routed)           0.000     0.365    data_out_reg[5]_i_3_n_0
    SLICE_X3Y110         MUXF8 (Prop_muxf8_I1_O)      0.019     0.384 r  data_out_reg[5]_i_1/O
                         net (fo=1, routed)           0.000     0.384    mem[5]
    SLICE_X3Y110         FDRE                                         r  data_out_reg[5]/D
  -------------------------------------------------------------------    -------------------





