Time resolution is 1 ps
Block 0:
Data Out (AES decimal) = 0
SHA3 Hash Chunks (decimal):
Chunk 0: 0
Chunk 1: 0
Chunk 2: 0
Chunk 3: 0
------------------------------
Block 1:
Data Out (AES decimal) = 21528975894082904072868868434292362735
SHA3 Hash Chunks (decimal):
Chunk 0: 0
Chunk 1: 0
Chunk 2: 0
Chunk 3: 0
------------------------------
Block 2:
Data Out (AES decimal) = 21528975894082904072868868434292362734
SHA3 Hash Chunks (decimal):
Chunk 0: 21528975894082904072868868434292362735
Chunk 1: 21528975894082904072868868434292362735
Chunk 2: 21528975894082904072868868434292362735
Chunk 3: 21528975894082904072868868434292362735
------------------------------
Block 3:
Data Out (AES decimal) = 21528975894082904072868868434292362733
SHA3 Hash Chunks (decimal):
Chunk 0: 21528975894082904072868868434292362734
Chunk 1: 21528975894082904072868868434292362734
Chunk 2: 21528975894082904072868868434292362734
Chunk 3: 21528975894082904072868868434292362734
------------------------------
Block 4:
Data Out (AES decimal) = 21528975894082904072868868434292362732
SHA3 Hash Chunks (decimal):
Chunk 0: 21528975894082904072868868434292362733
Chunk 1: 21528975894082904072868868434292362733
Chunk 2: 21528975894082904072868868434292362733
Chunk 3: 21528975894082904072868868434292362733
------------------------------
$finish called at time : 325 ns : File "D:/SATHISH VLSI Projects/AES-SHA-512 Advanced/tb_hybrid.v" Line 436
